Component: ARM Compiler 5.06 update 4 (build 422) Tool: armlink [4d35d2]

==============================================================================

Section Cross References

    main.o(i.LCD_Test) refers to test.o(i.main_test) for main_test
    main.o(i.LCD_Test) refers to test.o(i.Test_Read) for Test_Read
    main.o(i.LCD_Test) refers to test.o(i.Test_Color) for Test_Color
    main.o(i.LCD_Test) refers to test.o(i.Test_FillRec) for Test_FillRec
    main.o(i.LCD_Test) refers to test.o(i.Test_Circle) for Test_Circle
    main.o(i.LCD_Test) refers to test.o(i.Test_Triangle) for Test_Triangle
    main.o(i.LCD_Test) refers to test.o(i.English_Font_test) for English_Font_test
    main.o(i.LCD_Test) refers to test.o(i.Chinese_Font_test) for Chinese_Font_test
    main.o(i.LCD_Test) refers to test.o(i.Pic_test) for Pic_test
    main.o(i.LCD_Test) refers to test.o(i.Rotate_Test) for Rotate_Test
    main.o(i.main) refers to stm32f4xx_hal.o(i.HAL_Init) for HAL_Init
    main.o(i.main) refers to sys.o(i.Stm32_Clock_Init) for Stm32_Clock_Init
    main.o(i.main) refers to delay.o(i.delay_init) for delay_init
    main.o(i.main) refers to sdram.o(i.SDRAM_Init) for SDRAM_Init
    main.o(i.main) refers to lcd.o(i.LCD_Init) for LCD_Init
    main.o(i.main) refers to main.o(i.LCD_Test) for LCD_Test
    main.o(i.main) refers to delay.o(i.delay_ms) for delay_ms
    main.o(i.main) refers to stm32f4xx_hal_gpio.o(i.HAL_GPIO_TogglePin) for HAL_GPIO_TogglePin
    main.o(i.main) refers to main.o(.data) for .data
    gui.o(i.Draw_Triangel) refers to gui.o(i.LCD_DrawLine) for LCD_DrawLine
    gui.o(i.Fill_Triangel) refers to gui.o(i.LCD_Fill) for LCD_Fill
    gui.o(i.Fill_Triangel) refers to lcd.o(.data) for POINT_COLOR
    gui.o(i.GUI_DrawFont16) refers to lcd.o(i.LCD_SetWindows) for LCD_SetWindows
    gui.o(i.GUI_DrawFont16) refers to lcd.o(i.LCD_DrawPoint) for LCD_DrawPoint
    gui.o(i.GUI_DrawFont16) refers to lcd.o(i.Lcd_WriteData_16Bit) for Lcd_WriteData_16Bit
    gui.o(i.GUI_DrawFont16) refers to gui.o(.constdata) for .constdata
    gui.o(i.GUI_DrawFont16) refers to lcd.o(.data) for POINT_COLOR
    gui.o(i.GUI_DrawFont16) refers to lcd.o(.bss) for lcddev
    gui.o(i.GUI_DrawFont24) refers to lcd.o(i.LCD_SetWindows) for LCD_SetWindows
    gui.o(i.GUI_DrawFont24) refers to lcd.o(i.LCD_DrawPoint) for LCD_DrawPoint
    gui.o(i.GUI_DrawFont24) refers to lcd.o(i.Lcd_WriteData_16Bit) for Lcd_WriteData_16Bit
    gui.o(i.GUI_DrawFont24) refers to gui.o(.constdata) for .constdata
    gui.o(i.GUI_DrawFont24) refers to lcd.o(.data) for POINT_COLOR
    gui.o(i.GUI_DrawFont24) refers to lcd.o(.bss) for lcddev
    gui.o(i.GUI_DrawFont32) refers to lcd.o(i.LCD_SetWindows) for LCD_SetWindows
    gui.o(i.GUI_DrawFont32) refers to lcd.o(i.LCD_DrawPoint) for LCD_DrawPoint
    gui.o(i.GUI_DrawFont32) refers to lcd.o(i.Lcd_WriteData_16Bit) for Lcd_WriteData_16Bit
    gui.o(i.GUI_DrawFont32) refers to gui.o(.constdata) for .constdata
    gui.o(i.GUI_DrawFont32) refers to lcd.o(.data) for POINT_COLOR
    gui.o(i.GUI_DrawFont32) refers to lcd.o(.bss) for lcddev
    gui.o(i.GUI_DrawPoint) refers to lcd.o(i.LCD_SetCursor) for LCD_SetCursor
    gui.o(i.GUI_DrawPoint) refers to lcd.o(i.Lcd_WriteData_16Bit) for Lcd_WriteData_16Bit
    gui.o(i.Gui_Drawbmp16) refers to lcd.o(i.LCD_SetWindows) for LCD_SetWindows
    gui.o(i.Gui_Drawbmp16) refers to lcd.o(i.Lcd_WriteData_16Bit) for Lcd_WriteData_16Bit
    gui.o(i.Gui_Drawbmp16) refers to lcd.o(.bss) for lcddev
    gui.o(i.Gui_StrCenter) refers to strlen.o(.text) for strlen
    gui.o(i.Gui_StrCenter) refers to gui.o(i.Show_Str) for Show_Str
    gui.o(i.Gui_StrCenter) refers to lcd.o(.bss) for lcddev
    gui.o(i.LCD_DrawFillRectangle) refers to gui.o(i.LCD_Fill) for LCD_Fill
    gui.o(i.LCD_DrawFillRectangle) refers to lcd.o(.data) for POINT_COLOR
    gui.o(i.LCD_DrawLine) refers to lcd.o(i.LCD_DrawPoint) for LCD_DrawPoint
    gui.o(i.LCD_DrawRectangle) refers to gui.o(i.LCD_DrawLine) for LCD_DrawLine
    gui.o(i.LCD_Fill) refers to lcd.o(i.LCD_SetWindows) for LCD_SetWindows
    gui.o(i.LCD_Fill) refers to lcd.o(i.Lcd_WriteData_16Bit) for Lcd_WriteData_16Bit
    gui.o(i.LCD_Fill) refers to lcd.o(.bss) for lcddev
    gui.o(i.LCD_ShowChar) refers to lcd.o(i.LCD_SetWindows) for LCD_SetWindows
    gui.o(i.LCD_ShowChar) refers to lcd.o(i.Lcd_WriteData_16Bit) for Lcd_WriteData_16Bit
    gui.o(i.LCD_ShowChar) refers to lcd.o(i.LCD_DrawPoint) for LCD_DrawPoint
    gui.o(i.LCD_ShowChar) refers to lcd.o(.data) for POINT_COLOR
    gui.o(i.LCD_ShowChar) refers to gui.o(.constdata) for .constdata
    gui.o(i.LCD_ShowChar) refers to lcd.o(.bss) for lcddev
    gui.o(i.LCD_ShowNum) refers to gui.o(i.mypow) for mypow
    gui.o(i.LCD_ShowNum) refers to gui.o(i.LCD_ShowChar) for LCD_ShowChar
    gui.o(i.LCD_ShowNum) refers to lcd.o(.data) for BACK_COLOR
    gui.o(i.LCD_ShowNum) refers to lcd.o(.data) for POINT_COLOR
    gui.o(i.LCD_ShowString) refers to gui.o(i.LCD_ShowChar) for LCD_ShowChar
    gui.o(i.LCD_ShowString) refers to lcd.o(.bss) for lcddev
    gui.o(i.LCD_ShowString) refers to lcd.o(.data) for BACK_COLOR
    gui.o(i.LCD_ShowString) refers to lcd.o(.data) for POINT_COLOR
    gui.o(i.Show_Str) refers to gui.o(i.GUI_DrawFont16) for GUI_DrawFont16
    gui.o(i.Show_Str) refers to gui.o(i.LCD_ShowChar) for LCD_ShowChar
    gui.o(i.Show_Str) refers to gui.o(i.GUI_DrawFont32) for GUI_DrawFont32
    gui.o(i.Show_Str) refers to gui.o(i.GUI_DrawFont24) for GUI_DrawFont24
    gui.o(i.Show_Str) refers to lcd.o(.bss) for lcddev
    gui.o(i._draw_circle_8) refers to gui.o(i.GUI_DrawPoint) for GUI_DrawPoint
    gui.o(i.gui_circle) refers to gui.o(i._draw_circle_8) for _draw_circle_8
    test.o(i.Chinese_Font_test) refers to test.o(i.DrawTestPage) for DrawTestPage
    test.o(i.Chinese_Font_test) refers to gui.o(i.Show_Str) for Show_Str
    test.o(i.Chinese_Font_test) refers to delay.o(i.delay_ms) for delay_ms
    test.o(i.DrawTestPage) refers to lcd.o(i.LCD_Clear) for LCD_Clear
    test.o(i.DrawTestPage) refers to gui.o(i.LCD_Fill) for LCD_Fill
    test.o(i.DrawTestPage) refers to gui.o(i.Gui_StrCenter) for Gui_StrCenter
    test.o(i.DrawTestPage) refers to lcd.o(.bss) for lcddev
    test.o(i.DrawTestPage) refers to lcd.o(.data) for POINT_COLOR
    test.o(i.English_Font_test) refers to test.o(i.DrawTestPage) for DrawTestPage
    test.o(i.English_Font_test) refers to gui.o(i.Show_Str) for Show_Str
    test.o(i.English_Font_test) refers to delay.o(i.delay_ms) for delay_ms
    test.o(i.Pic_test) refers to test.o(i.DrawTestPage) for DrawTestPage
    test.o(i.Pic_test) refers to gui.o(i.Gui_Drawbmp16) for Gui_Drawbmp16
    test.o(i.Pic_test) refers to gui.o(i.Show_Str) for Show_Str
    test.o(i.Pic_test) refers to delay.o(i.delay_ms) for delay_ms
    test.o(i.Pic_test) refers to test.o(.constdata) for .constdata
    test.o(i.Rotate_Test) refers to lcd.o(i.LCD_direction) for LCD_direction
    test.o(i.Rotate_Test) refers to test.o(i.DrawTestPage) for DrawTestPage
    test.o(i.Rotate_Test) refers to gui.o(i.Show_Str) for Show_Str
    test.o(i.Rotate_Test) refers to gui.o(i.Gui_Drawbmp16) for Gui_Drawbmp16
    test.o(i.Rotate_Test) refers to delay.o(i.delay_ms) for delay_ms
    test.o(i.Rotate_Test) refers to test.o(.constdata) for .constdata
    test.o(i.Test_Circle) refers to test.o(i.DrawTestPage) for DrawTestPage
    test.o(i.Test_Circle) refers to gui.o(i.LCD_Fill) for LCD_Fill
    test.o(i.Test_Circle) refers to gui.o(i.gui_circle) for gui_circle
    test.o(i.Test_Circle) refers to delay.o(i.delay_ms) for delay_ms
    test.o(i.Test_Circle) refers to lcd.o(.bss) for lcddev
    test.o(i.Test_Circle) refers to test.o(.data) for .data
    test.o(i.Test_Color) refers to gui.o(i.LCD_Fill) for LCD_Fill
    test.o(i.Test_Color) refers to gui.o(i.Show_Str) for Show_Str
    test.o(i.Test_Color) refers to delay.o(i.delay_ms) for delay_ms
    test.o(i.Test_Color) refers to lcd.o(.bss) for lcddev
    test.o(i.Test_FillRec) refers to test.o(i.DrawTestPage) for DrawTestPage
    test.o(i.Test_FillRec) refers to gui.o(i.LCD_Fill) for LCD_Fill
    test.o(i.Test_FillRec) refers to gui.o(i.LCD_DrawRectangle) for LCD_DrawRectangle
    test.o(i.Test_FillRec) refers to delay.o(i.delay_ms) for delay_ms
    test.o(i.Test_FillRec) refers to gui.o(i.LCD_DrawFillRectangle) for LCD_DrawFillRectangle
    test.o(i.Test_FillRec) refers to lcd.o(.bss) for lcddev
    test.o(i.Test_FillRec) refers to test.o(.data) for .data
    test.o(i.Test_FillRec) refers to lcd.o(.data) for POINT_COLOR
    test.o(i.Test_Read) refers to _printf_percent.o(.ARM.Collect$$_printf_percent$$00000000) for _printf_percent
    test.o(i.Test_Read) refers to _printf_x.o(.ARM.Collect$$_printf_percent$$0000000C) for _printf_x
    test.o(i.Test_Read) refers to _printf_hex_int.o(.text) for _printf_longlong_hex
    test.o(i.Test_Read) refers to _printf_pad.o(.text) for _printf_pre_padding
    test.o(i.Test_Read) refers to rt_memclr_w.o(.text) for __aeabi_memclr4
    test.o(i.Test_Read) refers to test.o(i.DrawTestPage) for DrawTestPage
    test.o(i.Test_Read) refers to gui.o(i.LCD_Fill) for LCD_Fill
    test.o(i.Test_Read) refers to lcd.o(i.LCD_Read_ID) for LCD_Read_ID
    test.o(i.Test_Read) refers to noretval__2sprintf.o(.text) for __2sprintf
    test.o(i.Test_Read) refers to gui.o(i.Show_Str) for Show_Str
    test.o(i.Test_Read) refers to gui.o(i.LCD_DrawFillRectangle) for LCD_DrawFillRectangle
    test.o(i.Test_Read) refers to lcd.o(i.LCD_ReadPoint) for LCD_ReadPoint
    test.o(i.Test_Read) refers to delay.o(i.delay_ms) for delay_ms
    test.o(i.Test_Read) refers to lcd.o(.bss) for lcddev
    test.o(i.Test_Read) refers to test.o(.data) for .data
    test.o(i.Test_Read) refers to lcd.o(.data) for POINT_COLOR
    test.o(i.Test_Triangle) refers to test.o(i.DrawTestPage) for DrawTestPage
    test.o(i.Test_Triangle) refers to gui.o(i.LCD_Fill) for LCD_Fill
    test.o(i.Test_Triangle) refers to gui.o(i.Draw_Triangel) for Draw_Triangel
    test.o(i.Test_Triangle) refers to delay.o(i.delay_ms) for delay_ms
    test.o(i.Test_Triangle) refers to gui.o(i.Fill_Triangel) for Fill_Triangel
    test.o(i.Test_Triangle) refers to lcd.o(.bss) for lcddev
    test.o(i.Test_Triangle) refers to test.o(.data) for .data
    test.o(i.Test_Triangle) refers to lcd.o(.data) for POINT_COLOR
    test.o(i.Touch_Test) refers to touch.o(i.TP_Init) for TP_Init
    test.o(i.Touch_Test) refers to key.o(i.KEY_Init) for KEY_Init
    test.o(i.Touch_Test) refers to led.o(i.LED_Init) for LED_Init
    test.o(i.Touch_Test) refers to test.o(i.DrawTestPage) for DrawTestPage
    test.o(i.Touch_Test) refers to gui.o(i.LCD_ShowString) for LCD_ShowString
    test.o(i.Touch_Test) refers to gui.o(i.LCD_Fill) for LCD_Fill
    test.o(i.Touch_Test) refers to key.o(i.KEY_Scan) for KEY_Scan
    test.o(i.Touch_Test) refers to delay.o(i.delay_ms) for delay_ms
    test.o(i.Touch_Test) refers to touch.o(i.TP_Draw_Big_Point) for TP_Draw_Big_Point
    test.o(i.Touch_Test) refers to lcd.o(i.LCD_Clear) for LCD_Clear
    test.o(i.Touch_Test) refers to touch.o(i.TP_Adjust) for TP_Adjust
    test.o(i.Touch_Test) refers to touch.o(i.TP_Save_Adjdata) for TP_Save_Adjdata
    test.o(i.Touch_Test) refers to lcd.o(.bss) for lcddev
    test.o(i.Touch_Test) refers to lcd.o(.data) for POINT_COLOR
    test.o(i.Touch_Test) refers to touch.o(.data) for tp_dev
    test.o(i.Touch_Test) refers to test.o(.data) for .data
    test.o(i.main_test) refers to test.o(i.DrawTestPage) for DrawTestPage
    test.o(i.main_test) refers to gui.o(i.Gui_StrCenter) for Gui_StrCenter
    test.o(i.main_test) refers to delay.o(i.delay_ms) for delay_ms
    test.o(i.main_test) refers to test.o(.constdata) for .constdata
    test.o(.constdata) refers to test.o(.conststring) for .conststring
    stm32f4xx_it.o(i.SysTick_Handler) refers to stm32f4xx_hal.o(i.HAL_IncTick) for HAL_IncTick
    system_stm32f4xx.o(i.SystemCoreClockUpdate) refers to system_stm32f4xx.o(.data) for .data
    startup_stm32f429xx.o(STACK) refers (Special) to heapauxi.o(.text) for __use_two_region_memory
    startup_stm32f429xx.o(HEAP) refers (Special) to heapauxi.o(.text) for __use_two_region_memory
    startup_stm32f429xx.o(RESET) refers (Special) to heapauxi.o(.text) for __use_two_region_memory
    startup_stm32f429xx.o(RESET) refers to startup_stm32f429xx.o(STACK) for __initial_sp
    startup_stm32f429xx.o(RESET) refers to startup_stm32f429xx.o(.text) for Reset_Handler
    startup_stm32f429xx.o(RESET) refers to stm32f4xx_it.o(i.NMI_Handler) for NMI_Handler
    startup_stm32f429xx.o(RESET) refers to stm32f4xx_it.o(i.HardFault_Handler) for HardFault_Handler
    startup_stm32f429xx.o(RESET) refers to stm32f4xx_it.o(i.MemManage_Handler) for MemManage_Handler
    startup_stm32f429xx.o(RESET) refers to stm32f4xx_it.o(i.BusFault_Handler) for BusFault_Handler
    startup_stm32f429xx.o(RESET) refers to stm32f4xx_it.o(i.UsageFault_Handler) for UsageFault_Handler
    startup_stm32f429xx.o(RESET) refers to stm32f4xx_it.o(i.SVC_Handler) for SVC_Handler
    startup_stm32f429xx.o(RESET) refers to stm32f4xx_it.o(i.DebugMon_Handler) for DebugMon_Handler
    startup_stm32f429xx.o(RESET) refers to stm32f4xx_it.o(i.PendSV_Handler) for PendSV_Handler
    startup_stm32f429xx.o(RESET) refers to stm32f4xx_it.o(i.SysTick_Handler) for SysTick_Handler
    startup_stm32f429xx.o(RESET) refers to exti.o(i.EXTI2_IRQHandler) for EXTI2_IRQHandler
    startup_stm32f429xx.o(.text) refers (Special) to heapauxi.o(.text) for __use_two_region_memory
    startup_stm32f429xx.o(.text) refers to system_stm32f4xx.o(i.SystemInit) for SystemInit
    startup_stm32f429xx.o(.text) refers to __main.o(!!!main) for __main
    startup_stm32f429xx.o(.text) refers to startup_stm32f429xx.o(HEAP) for Heap_Mem
    startup_stm32f429xx.o(.text) refers to startup_stm32f429xx.o(STACK) for Stack_Mem
    stm32f4xx_hal.o(i.HAL_DeInit) refers to stm32f4xx_hal.o(i.HAL_MspDeInit) for HAL_MspDeInit
    stm32f4xx_hal.o(i.HAL_Delay) refers to stm32f4xx_hal.o(i.HAL_GetTick) for HAL_GetTick
    stm32f4xx_hal.o(i.HAL_GetTick) refers to stm32f4xx_hal.o(.data) for .data
    stm32f4xx_hal.o(i.HAL_IncTick) refers to stm32f4xx_hal.o(.data) for .data
    stm32f4xx_hal.o(i.HAL_Init) refers to stm32f4xx_hal_cortex.o(i.HAL_NVIC_SetPriorityGrouping) for HAL_NVIC_SetPriorityGrouping
    stm32f4xx_hal.o(i.HAL_Init) refers to stm32f4xx_hal.o(i.HAL_InitTick) for HAL_InitTick
    stm32f4xx_hal.o(i.HAL_Init) refers to stm32f4xx_hal.o(i.HAL_MspInit) for HAL_MspInit
    stm32f4xx_hal.o(i.HAL_InitTick) refers to stm32f4xx_hal_rcc.o(i.HAL_RCC_GetHCLKFreq) for HAL_RCC_GetHCLKFreq
    stm32f4xx_hal.o(i.HAL_InitTick) refers to stm32f4xx_hal_cortex.o(i.HAL_SYSTICK_Config) for HAL_SYSTICK_Config
    stm32f4xx_hal.o(i.HAL_InitTick) refers to stm32f4xx_hal_cortex.o(i.HAL_NVIC_SetPriority) for HAL_NVIC_SetPriority
    stm32f4xx_hal_cortex.o(i.HAL_NVIC_SetPriority) refers to stm32f4xx_hal_cortex.o(i.NVIC_SetPriority) for NVIC_SetPriority
    stm32f4xx_hal_cortex.o(i.HAL_SYSTICK_Config) refers to stm32f4xx_hal_cortex.o(i.NVIC_SetPriority) for NVIC_SetPriority
    stm32f4xx_hal_cortex.o(i.HAL_SYSTICK_IRQHandler) refers to stm32f4xx_hal_cortex.o(i.HAL_SYSTICK_Callback) for HAL_SYSTICK_Callback
    stm32f4xx_hal_gpio.o(i.HAL_GPIO_EXTI_IRQHandler) refers to exti.o(i.HAL_GPIO_EXTI_Callback) for HAL_GPIO_EXTI_Callback
    stm32f4xx_hal_pwr.o(i.HAL_PWR_PVD_IRQHandler) refers to stm32f4xx_hal_pwr.o(i.HAL_PWR_PVDCallback) for HAL_PWR_PVDCallback
    stm32f4xx_hal_pwr_ex.o(i.HAL_PWREx_ControlVoltageScaling) refers to stm32f4xx_hal.o(i.HAL_GetTick) for HAL_GetTick
    stm32f4xx_hal_pwr_ex.o(i.HAL_PWREx_DisableBkUpReg) refers to stm32f4xx_hal.o(i.HAL_GetTick) for HAL_GetTick
    stm32f4xx_hal_pwr_ex.o(i.HAL_PWREx_DisableOverDrive) refers to stm32f4xx_hal.o(i.HAL_GetTick) for HAL_GetTick
    stm32f4xx_hal_pwr_ex.o(i.HAL_PWREx_EnableBkUpReg) refers to stm32f4xx_hal.o(i.HAL_GetTick) for HAL_GetTick
    stm32f4xx_hal_pwr_ex.o(i.HAL_PWREx_EnableOverDrive) refers to stm32f4xx_hal.o(i.HAL_GetTick) for HAL_GetTick
    stm32f4xx_hal_pwr_ex.o(i.HAL_PWREx_EnterUnderDriveSTOPMode) refers to stm32f4xx_hal.o(i.HAL_GetTick) for HAL_GetTick
    stm32f4xx_hal_rcc.o(i.HAL_RCC_ClockConfig) refers to stm32f4xx_hal.o(i.HAL_GetTick) for HAL_GetTick
    stm32f4xx_hal_rcc.o(i.HAL_RCC_ClockConfig) refers to stm32f4xx_hal.o(i.HAL_InitTick) for HAL_InitTick
    stm32f4xx_hal_rcc.o(i.HAL_RCC_GetHCLKFreq) refers to stm32f4xx_hal_rcc.o(i.HAL_RCC_GetSysClockFreq) for HAL_RCC_GetSysClockFreq
    stm32f4xx_hal_rcc.o(i.HAL_RCC_GetHCLKFreq) refers to stm32f4xx_hal_rcc.o(.constdata) for .constdata
    stm32f4xx_hal_rcc.o(i.HAL_RCC_GetHCLKFreq) refers to system_stm32f4xx.o(.data) for SystemCoreClock
    stm32f4xx_hal_rcc.o(i.HAL_RCC_GetPCLK1Freq) refers to stm32f4xx_hal_rcc.o(i.HAL_RCC_GetHCLKFreq) for HAL_RCC_GetHCLKFreq
    stm32f4xx_hal_rcc.o(i.HAL_RCC_GetPCLK1Freq) refers to stm32f4xx_hal_rcc.o(.constdata) for .constdata
    stm32f4xx_hal_rcc.o(i.HAL_RCC_GetPCLK2Freq) refers to stm32f4xx_hal_rcc.o(i.HAL_RCC_GetHCLKFreq) for HAL_RCC_GetHCLKFreq
    stm32f4xx_hal_rcc.o(i.HAL_RCC_GetPCLK2Freq) refers to stm32f4xx_hal_rcc.o(.constdata) for .constdata
    stm32f4xx_hal_rcc.o(i.HAL_RCC_MCOConfig) refers to stm32f4xx_hal_gpio.o(i.HAL_GPIO_Init) for HAL_GPIO_Init
    stm32f4xx_hal_rcc.o(i.HAL_RCC_NMI_IRQHandler) refers to stm32f4xx_hal_rcc.o(i.HAL_RCC_CSSCallback) for HAL_RCC_CSSCallback
    stm32f4xx_hal_rcc.o(i.HAL_RCC_OscConfig) refers to stm32f4xx_hal.o(i.HAL_GetTick) for HAL_GetTick
    stm32f4xx_hal_rcc_ex.o(i.HAL_RCCEx_PeriphCLKConfig) refers to stm32f4xx_hal.o(i.HAL_GetTick) for HAL_GetTick
    stm32f4xx_hal_dma.o(i.DMA_CalcBaseAndBitshift) refers to stm32f4xx_hal_dma.o(.constdata) for .constdata
    stm32f4xx_hal_dma.o(i.HAL_DMA_Abort) refers to stm32f4xx_hal.o(i.HAL_GetTick) for HAL_GetTick
    stm32f4xx_hal_dma.o(i.HAL_DMA_DeInit) refers to stm32f4xx_hal_dma.o(i.DMA_CalcBaseAndBitshift) for DMA_CalcBaseAndBitshift
    stm32f4xx_hal_dma.o(i.HAL_DMA_Init) refers to stm32f4xx_hal_dma.o(i.DMA_CalcBaseAndBitshift) for DMA_CalcBaseAndBitshift
    stm32f4xx_hal_dma.o(i.HAL_DMA_PollForTransfer) refers to stm32f4xx_hal.o(i.HAL_GetTick) for HAL_GetTick
    stm32f4xx_hal_dma.o(i.HAL_DMA_Start) refers to stm32f4xx_hal_dma.o(i.DMA_SetConfig) for DMA_SetConfig
    stm32f4xx_hal_dma.o(i.HAL_DMA_Start_IT) refers to stm32f4xx_hal_dma.o(i.DMA_SetConfig) for DMA_SetConfig
    stm32f4xx_hal_dma_ex.o(i.HAL_DMAEx_MultiBufferStart) refers to stm32f4xx_hal_dma_ex.o(i.DMA_MultiBufferSetConfig) for DMA_MultiBufferSetConfig
    stm32f4xx_hal_dma_ex.o(i.HAL_DMAEx_MultiBufferStart_IT) refers to stm32f4xx_hal_dma_ex.o(i.DMA_MultiBufferSetConfig) for DMA_MultiBufferSetConfig
    stm32f4xx_hal_spi.o(i.HAL_SPI_DMAStop) refers to stm32f4xx_hal_dma.o(i.HAL_DMA_Abort) for HAL_DMA_Abort
    stm32f4xx_hal_spi.o(i.HAL_SPI_DeInit) refers to stm32f4xx_hal_spi.o(i.HAL_SPI_MspDeInit) for HAL_SPI_MspDeInit
    stm32f4xx_hal_spi.o(i.HAL_SPI_IRQHandler) refers to stm32f4xx_hal_spi.o(i.HAL_SPI_ErrorCallback) for HAL_SPI_ErrorCallback
    stm32f4xx_hal_spi.o(i.HAL_SPI_Init) refers to stm32f4xx_hal_spi.o(i.HAL_SPI_MspInit) for HAL_SPI_MspInit
    stm32f4xx_hal_spi.o(i.HAL_SPI_Receive) refers to stm32f4xx_hal_spi.o(i.HAL_SPI_TransmitReceive) for HAL_SPI_TransmitReceive
    stm32f4xx_hal_spi.o(i.HAL_SPI_Receive) refers to stm32f4xx_hal_spi.o(i.SPI_WaitOnFlagUntilTimeout) for SPI_WaitOnFlagUntilTimeout
    stm32f4xx_hal_spi.o(i.HAL_SPI_Receive_DMA) refers to stm32f4xx_hal_spi.o(i.HAL_SPI_TransmitReceive_DMA) for HAL_SPI_TransmitReceive_DMA
    stm32f4xx_hal_spi.o(i.HAL_SPI_Receive_DMA) refers to stm32f4xx_hal_dma.o(i.HAL_DMA_Start_IT) for HAL_DMA_Start_IT
    stm32f4xx_hal_spi.o(i.HAL_SPI_Receive_DMA) refers to stm32f4xx_hal_spi.o(i.SPI_DMAHalfReceiveCplt) for SPI_DMAHalfReceiveCplt
    stm32f4xx_hal_spi.o(i.HAL_SPI_Receive_DMA) refers to stm32f4xx_hal_spi.o(i.SPI_DMAReceiveCplt) for SPI_DMAReceiveCplt
    stm32f4xx_hal_spi.o(i.HAL_SPI_Receive_DMA) refers to stm32f4xx_hal_spi.o(i.SPI_DMAError) for SPI_DMAError
    stm32f4xx_hal_spi.o(i.HAL_SPI_Receive_IT) refers to stm32f4xx_hal_spi.o(i.HAL_SPI_TransmitReceive_IT) for HAL_SPI_TransmitReceive_IT
    stm32f4xx_hal_spi.o(i.HAL_SPI_Receive_IT) refers to stm32f4xx_hal_spi.o(i.SPI_RxISR) for SPI_RxISR
    stm32f4xx_hal_spi.o(i.HAL_SPI_Transmit) refers to stm32f4xx_hal_spi.o(i.SPI_WaitOnFlagUntilTimeout) for SPI_WaitOnFlagUntilTimeout
    stm32f4xx_hal_spi.o(i.HAL_SPI_TransmitReceive) refers to stm32f4xx_hal_spi.o(i.SPI_WaitOnFlagUntilTimeout) for SPI_WaitOnFlagUntilTimeout
    stm32f4xx_hal_spi.o(i.HAL_SPI_TransmitReceive_DMA) refers to stm32f4xx_hal_dma.o(i.HAL_DMA_Start_IT) for HAL_DMA_Start_IT
    stm32f4xx_hal_spi.o(i.HAL_SPI_TransmitReceive_DMA) refers to stm32f4xx_hal_spi.o(i.SPI_DMAHalfTransmitReceiveCplt) for SPI_DMAHalfTransmitReceiveCplt
    stm32f4xx_hal_spi.o(i.HAL_SPI_TransmitReceive_DMA) refers to stm32f4xx_hal_spi.o(i.SPI_DMATransmitReceiveCplt) for SPI_DMATransmitReceiveCplt
    stm32f4xx_hal_spi.o(i.HAL_SPI_TransmitReceive_DMA) refers to stm32f4xx_hal_spi.o(i.SPI_DMAError) for SPI_DMAError
    stm32f4xx_hal_spi.o(i.HAL_SPI_TransmitReceive_DMA) refers to stm32f4xx_hal_spi.o(i.SPI_DMAHalfReceiveCplt) for SPI_DMAHalfReceiveCplt
    stm32f4xx_hal_spi.o(i.HAL_SPI_TransmitReceive_DMA) refers to stm32f4xx_hal_spi.o(i.SPI_DMAReceiveCplt) for SPI_DMAReceiveCplt
    stm32f4xx_hal_spi.o(i.HAL_SPI_TransmitReceive_IT) refers to stm32f4xx_hal_spi.o(i.SPI_TxISR) for SPI_TxISR
    stm32f4xx_hal_spi.o(i.HAL_SPI_TransmitReceive_IT) refers to stm32f4xx_hal_spi.o(i.SPI_2LinesRxISR) for SPI_2LinesRxISR
    stm32f4xx_hal_spi.o(i.HAL_SPI_Transmit_DMA) refers to stm32f4xx_hal_dma.o(i.HAL_DMA_Start_IT) for HAL_DMA_Start_IT
    stm32f4xx_hal_spi.o(i.HAL_SPI_Transmit_DMA) refers to stm32f4xx_hal_spi.o(i.SPI_DMAHalfTransmitCplt) for SPI_DMAHalfTransmitCplt
    stm32f4xx_hal_spi.o(i.HAL_SPI_Transmit_DMA) refers to stm32f4xx_hal_spi.o(i.SPI_DMATransmitCplt) for SPI_DMATransmitCplt
    stm32f4xx_hal_spi.o(i.HAL_SPI_Transmit_DMA) refers to stm32f4xx_hal_spi.o(i.SPI_DMAError) for SPI_DMAError
    stm32f4xx_hal_spi.o(i.HAL_SPI_Transmit_IT) refers to stm32f4xx_hal_spi.o(i.SPI_TxISR) for SPI_TxISR
    stm32f4xx_hal_spi.o(i.SPI_2LinesRxISR) refers to stm32f4xx_hal_spi.o(i.SPI_RxCloseIRQHandler) for SPI_RxCloseIRQHandler
    stm32f4xx_hal_spi.o(i.SPI_DMAEndTransmitReceive) refers to stm32f4xx_hal_spi.o(i.SPI_WaitOnFlagUntilTimeout) for SPI_WaitOnFlagUntilTimeout
    stm32f4xx_hal_spi.o(i.SPI_DMAError) refers to stm32f4xx_hal_spi.o(i.HAL_SPI_ErrorCallback) for HAL_SPI_ErrorCallback
    stm32f4xx_hal_spi.o(i.SPI_DMAHalfReceiveCplt) refers to stm32f4xx_hal_spi.o(i.HAL_SPI_RxHalfCpltCallback) for HAL_SPI_RxHalfCpltCallback
    stm32f4xx_hal_spi.o(i.SPI_DMAHalfTransmitCplt) refers to stm32f4xx_hal_spi.o(i.HAL_SPI_TxHalfCpltCallback) for HAL_SPI_TxHalfCpltCallback
    stm32f4xx_hal_spi.o(i.SPI_DMAHalfTransmitReceiveCplt) refers to stm32f4xx_hal_spi.o(i.HAL_SPI_TxRxHalfCpltCallback) for HAL_SPI_TxRxHalfCpltCallback
    stm32f4xx_hal_spi.o(i.SPI_DMAReceiveCplt) refers to stm32f4xx_hal_spi.o(i.SPI_DMAEndTransmitReceive) for SPI_DMAEndTransmitReceive
    stm32f4xx_hal_spi.o(i.SPI_DMAReceiveCplt) refers to stm32f4xx_hal_spi.o(i.SPI_WaitOnFlagUntilTimeout) for SPI_WaitOnFlagUntilTimeout
    stm32f4xx_hal_spi.o(i.SPI_DMAReceiveCplt) refers to stm32f4xx_hal_spi.o(i.HAL_SPI_ErrorCallback) for HAL_SPI_ErrorCallback
    stm32f4xx_hal_spi.o(i.SPI_DMAReceiveCplt) refers to stm32f4xx_hal_spi.o(i.HAL_SPI_RxCpltCallback) for HAL_SPI_RxCpltCallback
    stm32f4xx_hal_spi.o(i.SPI_DMATransmitCplt) refers to stm32f4xx_hal_spi.o(i.SPI_WaitOnFlagUntilTimeout) for SPI_WaitOnFlagUntilTimeout
    stm32f4xx_hal_spi.o(i.SPI_DMATransmitCplt) refers to stm32f4xx_hal_spi.o(i.HAL_SPI_ErrorCallback) for HAL_SPI_ErrorCallback
    stm32f4xx_hal_spi.o(i.SPI_DMATransmitCplt) refers to stm32f4xx_hal_spi.o(i.HAL_SPI_TxCpltCallback) for HAL_SPI_TxCpltCallback
    stm32f4xx_hal_spi.o(i.SPI_DMATransmitReceiveCplt) refers to stm32f4xx_hal_spi.o(i.SPI_DMAEndTransmitReceive) for SPI_DMAEndTransmitReceive
    stm32f4xx_hal_spi.o(i.SPI_DMATransmitReceiveCplt) refers to stm32f4xx_hal_spi.o(i.HAL_SPI_ErrorCallback) for HAL_SPI_ErrorCallback
    stm32f4xx_hal_spi.o(i.SPI_DMATransmitReceiveCplt) refers to stm32f4xx_hal_spi.o(i.HAL_SPI_TxRxCpltCallback) for HAL_SPI_TxRxCpltCallback
    stm32f4xx_hal_spi.o(i.SPI_RxCloseIRQHandler) refers to stm32f4xx_hal_spi.o(i.SPI_WaitOnFlagUntilTimeout) for SPI_WaitOnFlagUntilTimeout
    stm32f4xx_hal_spi.o(i.SPI_RxCloseIRQHandler) refers to stm32f4xx_hal_spi.o(i.HAL_SPI_ErrorCallback) for HAL_SPI_ErrorCallback
    stm32f4xx_hal_spi.o(i.SPI_RxCloseIRQHandler) refers to stm32f4xx_hal_spi.o(i.HAL_SPI_RxCpltCallback) for HAL_SPI_RxCpltCallback
    stm32f4xx_hal_spi.o(i.SPI_RxCloseIRQHandler) refers to stm32f4xx_hal_spi.o(i.HAL_SPI_TxRxCpltCallback) for HAL_SPI_TxRxCpltCallback
    stm32f4xx_hal_spi.o(i.SPI_RxISR) refers to stm32f4xx_hal_spi.o(i.SPI_RxCloseIRQHandler) for SPI_RxCloseIRQHandler
    stm32f4xx_hal_spi.o(i.SPI_TxCloseIRQHandler) refers to stm32f4xx_hal_spi.o(i.SPI_WaitOnFlagUntilTimeout) for SPI_WaitOnFlagUntilTimeout
    stm32f4xx_hal_spi.o(i.SPI_TxCloseIRQHandler) refers to stm32f4xx_hal_spi.o(i.HAL_SPI_ErrorCallback) for HAL_SPI_ErrorCallback
    stm32f4xx_hal_spi.o(i.SPI_TxCloseIRQHandler) refers to stm32f4xx_hal_spi.o(i.HAL_SPI_TxCpltCallback) for HAL_SPI_TxCpltCallback
    stm32f4xx_hal_spi.o(i.SPI_TxCloseIRQHandler) refers to stm32f4xx_hal_spi.o(i.HAL_SPI_TxRxCpltCallback) for HAL_SPI_TxRxCpltCallback
    stm32f4xx_hal_spi.o(i.SPI_TxISR) refers to stm32f4xx_hal_spi.o(i.SPI_TxCloseIRQHandler) for SPI_TxCloseIRQHandler
    stm32f4xx_hal_spi.o(i.SPI_WaitOnFlagUntilTimeout) refers to stm32f4xx_hal.o(i.HAL_GetTick) for HAL_GetTick
    stm32f4xx_ll_fmc.o(i.FMC_NAND_GetECC) refers to stm32f4xx_hal.o(i.HAL_GetTick) for HAL_GetTick
    stm32f4xx_ll_fmc.o(i.FMC_SDRAM_SendCommand) refers to stm32f4xx_hal.o(i.HAL_GetTick) for HAL_GetTick
    stm32f4xx_hal_sdram.o(i.HAL_SDRAM_DeInit) refers to stm32f4xx_hal_sdram.o(i.HAL_SDRAM_MspDeInit) for HAL_SDRAM_MspDeInit
    stm32f4xx_hal_sdram.o(i.HAL_SDRAM_DeInit) refers to stm32f4xx_ll_fmc.o(i.FMC_SDRAM_DeInit) for FMC_SDRAM_DeInit
    stm32f4xx_hal_sdram.o(i.HAL_SDRAM_GetModeStatus) refers to stm32f4xx_ll_fmc.o(i.FMC_SDRAM_GetModeStatus) for FMC_SDRAM_GetModeStatus
    stm32f4xx_hal_sdram.o(i.HAL_SDRAM_IRQHandler) refers to stm32f4xx_hal_sdram.o(i.HAL_SDRAM_RefreshErrorCallback) for HAL_SDRAM_RefreshErrorCallback
    stm32f4xx_hal_sdram.o(i.HAL_SDRAM_Init) refers to sdram.o(i.HAL_SDRAM_MspInit) for HAL_SDRAM_MspInit
    stm32f4xx_hal_sdram.o(i.HAL_SDRAM_Init) refers to stm32f4xx_ll_fmc.o(i.FMC_SDRAM_Init) for FMC_SDRAM_Init
    stm32f4xx_hal_sdram.o(i.HAL_SDRAM_Init) refers to stm32f4xx_ll_fmc.o(i.FMC_SDRAM_Timing_Init) for FMC_SDRAM_Timing_Init
    stm32f4xx_hal_sdram.o(i.HAL_SDRAM_ProgramRefreshRate) refers to stm32f4xx_ll_fmc.o(i.FMC_SDRAM_ProgramRefreshRate) for FMC_SDRAM_ProgramRefreshRate
    stm32f4xx_hal_sdram.o(i.HAL_SDRAM_Read_DMA) refers to stm32f4xx_hal_dma.o(i.HAL_DMA_Start_IT) for HAL_DMA_Start_IT
    stm32f4xx_hal_sdram.o(i.HAL_SDRAM_Read_DMA) refers to stm32f4xx_hal_sdram.o(i.HAL_SDRAM_DMA_XferCpltCallback) for HAL_SDRAM_DMA_XferCpltCallback
    stm32f4xx_hal_sdram.o(i.HAL_SDRAM_Read_DMA) refers to stm32f4xx_hal_sdram.o(i.HAL_SDRAM_DMA_XferErrorCallback) for HAL_SDRAM_DMA_XferErrorCallback
    stm32f4xx_hal_sdram.o(i.HAL_SDRAM_SendCommand) refers to stm32f4xx_ll_fmc.o(i.FMC_SDRAM_SendCommand) for FMC_SDRAM_SendCommand
    stm32f4xx_hal_sdram.o(i.HAL_SDRAM_SetAutoRefreshNumber) refers to stm32f4xx_ll_fmc.o(i.FMC_SDRAM_SetAutoRefreshNumber) for FMC_SDRAM_SetAutoRefreshNumber
    stm32f4xx_hal_sdram.o(i.HAL_SDRAM_WriteProtection_Disable) refers to stm32f4xx_ll_fmc.o(i.FMC_SDRAM_WriteProtection_Disable) for FMC_SDRAM_WriteProtection_Disable
    stm32f4xx_hal_sdram.o(i.HAL_SDRAM_WriteProtection_Enable) refers to stm32f4xx_ll_fmc.o(i.FMC_SDRAM_WriteProtection_Enable) for FMC_SDRAM_WriteProtection_Enable
    stm32f4xx_hal_sdram.o(i.HAL_SDRAM_Write_DMA) refers to stm32f4xx_hal_dma.o(i.HAL_DMA_Start_IT) for HAL_DMA_Start_IT
    stm32f4xx_hal_sdram.o(i.HAL_SDRAM_Write_DMA) refers to stm32f4xx_hal_sdram.o(i.HAL_SDRAM_DMA_XferCpltCallback) for HAL_SDRAM_DMA_XferCpltCallback
    stm32f4xx_hal_sdram.o(i.HAL_SDRAM_Write_DMA) refers to stm32f4xx_hal_sdram.o(i.HAL_SDRAM_DMA_XferErrorCallback) for HAL_SDRAM_DMA_XferErrorCallback
    stm32f4xx_hal_sram.o(i.HAL_SRAM_DeInit) refers to stm32f4xx_hal_sram.o(i.HAL_SRAM_MspDeInit) for HAL_SRAM_MspDeInit
    stm32f4xx_hal_sram.o(i.HAL_SRAM_DeInit) refers to stm32f4xx_ll_fmc.o(i.FMC_NORSRAM_DeInit) for FMC_NORSRAM_DeInit
    stm32f4xx_hal_sram.o(i.HAL_SRAM_Init) refers to lcd.o(i.HAL_SRAM_MspInit) for HAL_SRAM_MspInit
    stm32f4xx_hal_sram.o(i.HAL_SRAM_Init) refers to stm32f4xx_ll_fmc.o(i.FMC_NORSRAM_Init) for FMC_NORSRAM_Init
    stm32f4xx_hal_sram.o(i.HAL_SRAM_Init) refers to stm32f4xx_ll_fmc.o(i.FMC_NORSRAM_Timing_Init) for FMC_NORSRAM_Timing_Init
    stm32f4xx_hal_sram.o(i.HAL_SRAM_Init) refers to stm32f4xx_ll_fmc.o(i.FMC_NORSRAM_Extended_Timing_Init) for FMC_NORSRAM_Extended_Timing_Init
    stm32f4xx_hal_sram.o(i.HAL_SRAM_Read_DMA) refers to stm32f4xx_hal_dma.o(i.HAL_DMA_Start_IT) for HAL_DMA_Start_IT
    stm32f4xx_hal_sram.o(i.HAL_SRAM_Read_DMA) refers to stm32f4xx_hal_sram.o(i.HAL_SRAM_DMA_XferCpltCallback) for HAL_SRAM_DMA_XferCpltCallback
    stm32f4xx_hal_sram.o(i.HAL_SRAM_Read_DMA) refers to stm32f4xx_hal_sram.o(i.HAL_SRAM_DMA_XferErrorCallback) for HAL_SRAM_DMA_XferErrorCallback
    stm32f4xx_hal_sram.o(i.HAL_SRAM_WriteOperation_Disable) refers to stm32f4xx_ll_fmc.o(i.FMC_NORSRAM_WriteOperation_Disable) for FMC_NORSRAM_WriteOperation_Disable
    stm32f4xx_hal_sram.o(i.HAL_SRAM_WriteOperation_Enable) refers to stm32f4xx_ll_fmc.o(i.FMC_NORSRAM_WriteOperation_Enable) for FMC_NORSRAM_WriteOperation_Enable
    stm32f4xx_hal_sram.o(i.HAL_SRAM_Write_DMA) refers to stm32f4xx_hal_dma.o(i.HAL_DMA_Start_IT) for HAL_DMA_Start_IT
    stm32f4xx_hal_sram.o(i.HAL_SRAM_Write_DMA) refers to stm32f4xx_hal_sram.o(i.HAL_SRAM_DMA_XferCpltCallback) for HAL_SRAM_DMA_XferCpltCallback
    stm32f4xx_hal_sram.o(i.HAL_SRAM_Write_DMA) refers to stm32f4xx_hal_sram.o(i.HAL_SRAM_DMA_XferErrorCallback) for HAL_SRAM_DMA_XferErrorCallback
    delay.o(i.delay_init) refers to stm32f4xx_hal_cortex.o(i.HAL_SYSTICK_CLKSourceConfig) for HAL_SYSTICK_CLKSourceConfig
    delay.o(i.delay_init) refers to delay.o(.data) for .data
    delay.o(i.delay_ms) refers to delay.o(i.delay_us) for delay_us
    delay.o(i.delay_us) refers to delay.o(.data) for .data
    sys.o(i.Stm32_Clock_Init) refers to stm32f4xx_hal_rcc.o(i.HAL_RCC_OscConfig) for HAL_RCC_OscConfig
    sys.o(i.Stm32_Clock_Init) refers to stm32f4xx_hal_pwr_ex.o(i.HAL_PWREx_EnableOverDrive) for HAL_PWREx_EnableOverDrive
    sys.o(i.Stm32_Clock_Init) refers to stm32f4xx_hal_rcc.o(i.HAL_RCC_ClockConfig) for HAL_RCC_ClockConfig
    myiic.o(i.IIC_Ack) refers to delay.o(i.delay_us) for delay_us
    myiic.o(i.IIC_Init) refers to stm32f4xx_hal_gpio.o(i.HAL_GPIO_Init) for HAL_GPIO_Init
    myiic.o(i.IIC_NAck) refers to delay.o(i.delay_us) for delay_us
    myiic.o(i.IIC_Read_Byte) refers to delay.o(i.delay_us) for delay_us
    myiic.o(i.IIC_Read_Byte) refers to myiic.o(i.IIC_Ack) for IIC_Ack
    myiic.o(i.IIC_Read_Byte) refers to myiic.o(i.IIC_NAck) for IIC_NAck
    myiic.o(i.IIC_Send_Byte) refers to delay.o(i.delay_us) for delay_us
    myiic.o(i.IIC_Start) refers to delay.o(i.delay_us) for delay_us
    myiic.o(i.IIC_Stop) refers to delay.o(i.delay_us) for delay_us
    myiic.o(i.IIC_Wait_Ack) refers to delay.o(i.delay_us) for delay_us
    myiic.o(i.IIC_Wait_Ack) refers to myiic.o(i.IIC_Stop) for IIC_Stop
    lcd.o(i.HAL_SRAM_MspInit) refers to stm32f4xx_hal_gpio.o(i.HAL_GPIO_Init) for HAL_GPIO_Init
    lcd.o(i.LCD_Clear) refers to lcd.o(i.LCD_SetWindows) for LCD_SetWindows
    lcd.o(i.LCD_Clear) refers to lcd.o(.bss) for .bss
    lcd.o(i.LCD_DrawPoint) refers to lcd.o(i.LCD_SetCursor) for LCD_SetCursor
    lcd.o(i.LCD_DrawPoint) refers to lcd.o(.data) for .data
    lcd.o(i.LCD_GPIOInit) refers to stm32f4xx_hal_gpio.o(i.HAL_GPIO_Init) for HAL_GPIO_Init
    lcd.o(i.LCD_GPIOInit) refers to stm32f4xx_hal_sram.o(i.HAL_SRAM_Init) for HAL_SRAM_Init
    lcd.o(i.LCD_GPIOInit) refers to stm32f4xx_ll_fmc.o(i.FMC_NORSRAM_Extended_Timing_Init) for FMC_NORSRAM_Extended_Timing_Init
    lcd.o(i.LCD_GPIOInit) refers to lcd.o(.bss) for .bss
    lcd.o(i.LCD_Init) refers to lcd.o(i.LCD_GPIOInit) for LCD_GPIOInit
    lcd.o(i.LCD_Init) refers to delay.o(i.delay_ms) for delay_ms
    lcd.o(i.LCD_Init) refers to lcd.o(i.LCD_direction) for LCD_direction
    lcd.o(i.LCD_Init) refers to lcd.o(i.LCD_Clear) for LCD_Clear
    lcd.o(i.LCD_RD_DATA) refers to lcd.o(i.LCD_read) for LCD_read
    lcd.o(i.LCD_ReadPoint) refers to lcd.o(i.LCD_SetCursor) for LCD_SetCursor
    lcd.o(i.LCD_ReadPoint) refers to lcd.o(i.LCD_ReadRAM_Prepare) for LCD_ReadRAM_Prepare
    lcd.o(i.LCD_ReadPoint) refers to lcd.o(i.Lcd_ReadData_16Bit) for Lcd_ReadData_16Bit
    lcd.o(i.LCD_ReadPoint) refers to lcd.o(.bss) for .bss
    lcd.o(i.LCD_ReadRAM_Prepare) refers to lcd.o(.bss) for .bss
    lcd.o(i.LCD_ReadReg) refers to lcd.o(i.LCD_read) for LCD_read
    lcd.o(i.LCD_ReadReg) refers to delay.o(i.delay_us) for delay_us
    lcd.o(i.LCD_Read_ID) refers to lcd.o(i.LCD_ReadReg) for LCD_ReadReg
    lcd.o(i.LCD_SetCursor) refers to lcd.o(i.LCD_SetWindows) for LCD_SetWindows
    lcd.o(i.LCD_SetWindows) refers to lcd.o(i.LCD_WriteRAM_Prepare) for LCD_WriteRAM_Prepare
    lcd.o(i.LCD_SetWindows) refers to lcd.o(.bss) for .bss
    lcd.o(i.LCD_WriteRAM_Prepare) refers to lcd.o(.bss) for .bss
    lcd.o(i.LCD_direction) refers to lcd.o(i.LCD_WriteReg) for LCD_WriteReg
    lcd.o(i.LCD_direction) refers to lcd.o(.bss) for .bss
    lcd.o(i.Lcd_ReadData_16Bit) refers to lcd.o(i.LCD_read) for LCD_read
    lcd.o(i.Lcd_ReadData_16Bit) refers to delay.o(i.delay_us) for delay_us
    led.o(i.LED_Init) refers to stm32f4xx_hal_gpio.o(i.HAL_GPIO_Init) for HAL_GPIO_Init
    led.o(i.LED_Init) refers to stm32f4xx_hal_gpio.o(i.HAL_GPIO_WritePin) for HAL_GPIO_WritePin
    touch.o(i.TP_Adj_Info_Show) refers to gui.o(i.LCD_ShowString) for LCD_ShowString
    touch.o(i.TP_Adj_Info_Show) refers to gui.o(i.LCD_ShowNum) for LCD_ShowNum
    touch.o(i.TP_Adj_Info_Show) refers to lcd.o(.data) for POINT_COLOR
    touch.o(i.TP_Adjust) refers to lcd.o(i.LCD_Clear) for LCD_Clear
    touch.o(i.TP_Adjust) refers to gui.o(i.LCD_ShowString) for LCD_ShowString
    touch.o(i.TP_Adjust) refers to touch.o(i.TP_Drow_Touch_Point) for TP_Drow_Touch_Point
    touch.o(i.TP_Adjust) refers to delay.o(i.delay_ms) for delay_ms
    touch.o(i.TP_Adjust) refers to touch.o(i.TP_Get_Adjdata) for TP_Get_Adjdata
    touch.o(i.TP_Adjust) refers to dflt_clz.o(x$fpl$dfltu) for __aeabi_ui2d
    touch.o(i.TP_Adjust) refers to sqrt.o(i.__hardfp_sqrt) for __hardfp_sqrt
    touch.o(i.TP_Adjust) refers to dfixu.o(x$fpl$dfixu) for __aeabi_d2uiz
    touch.o(i.TP_Adjust) refers to f2d.o(x$fpl$f2d) for __aeabi_f2d
    touch.o(i.TP_Adjust) refers to dleqf.o(x$fpl$dleqf) for __aeabi_cdcmple
    touch.o(i.TP_Adjust) refers to drleqf.o(x$fpl$drleqf) for __aeabi_cdrcmple
    touch.o(i.TP_Adjust) refers to dmul.o(x$fpl$dmul) for __aeabi_dmul
    touch.o(i.TP_Adjust) refers to touch.o(i.TP_Adj_Info_Show) for TP_Adj_Info_Show
    touch.o(i.TP_Adjust) refers to lcd.o(.data) for POINT_COLOR
    touch.o(i.TP_Adjust) refers to lcd.o(.data) for BACK_COLOR
    touch.o(i.TP_Adjust) refers to touch.o(.data) for .data
    touch.o(i.TP_Adjust) refers to lcd.o(.bss) for lcddev
    touch.o(i.TP_Adjust) refers to touch.o(i.TP_Save_Adjdata) for TP_Save_Adjdata
    touch.o(i.TP_Draw_Big_Point) refers to lcd.o(i.LCD_DrawPoint) for LCD_DrawPoint
    touch.o(i.TP_Draw_Big_Point) refers to lcd.o(.data) for POINT_COLOR
    touch.o(i.TP_Drow_Touch_Point) refers to gui.o(i.LCD_DrawLine) for LCD_DrawLine
    touch.o(i.TP_Drow_Touch_Point) refers to lcd.o(i.LCD_DrawPoint) for LCD_DrawPoint
    touch.o(i.TP_Drow_Touch_Point) refers to gui.o(i.gui_circle) for gui_circle
    touch.o(i.TP_Drow_Touch_Point) refers to lcd.o(.data) for POINT_COLOR
    touch.o(i.TP_Get_Adjdata) refers to 24cxx.o(i.AT24CXX_ReadOneByte) for AT24CXX_ReadOneByte
    touch.o(i.TP_Get_Adjdata) refers to 24cxx.o(i.AT24CXX_ReadLenByte) for AT24CXX_ReadLenByte
    touch.o(i.TP_Get_Adjdata) refers to touch.o(.data) for .data
    touch.o(i.TP_Init) refers to stm32f4xx_hal_gpio.o(i.HAL_GPIO_Init) for HAL_GPIO_Init
    touch.o(i.TP_Init) refers to touch.o(i.TP_Read_XY) for TP_Read_XY
    touch.o(i.TP_Init) refers to 24cxx.o(i.AT24CXX_Init) for AT24CXX_Init
    touch.o(i.TP_Init) refers to touch.o(i.TP_Get_Adjdata) for TP_Get_Adjdata
    touch.o(i.TP_Init) refers to lcd.o(i.LCD_Clear) for LCD_Clear
    touch.o(i.TP_Init) refers to touch.o(i.TP_Adjust) for TP_Adjust
    touch.o(i.TP_Init) refers to touch.o(i.TP_Save_Adjdata) for TP_Save_Adjdata
    touch.o(i.TP_Init) refers to touch.o(.data) for .data
    touch.o(i.TP_Read_AD) refers to touch.o(i.TP_Write_Byte) for TP_Write_Byte
    touch.o(i.TP_Read_AD) refers to delay.o(i.delay_us) for delay_us
    touch.o(i.TP_Read_XOY) refers to touch.o(i.TP_Read_AD) for TP_Read_AD
    touch.o(i.TP_Read_XY) refers to touch.o(i.TP_Read_XOY) for TP_Read_XOY
    touch.o(i.TP_Read_XY) refers to touch.o(.data) for .data
    touch.o(i.TP_Read_XY2) refers to touch.o(i.TP_Read_XY) for TP_Read_XY
    touch.o(i.TP_Save_Adjdata) refers to 24cxx.o(i.AT24CXX_WriteLenByte) for AT24CXX_WriteLenByte
    touch.o(i.TP_Save_Adjdata) refers to 24cxx.o(i.AT24CXX_WriteOneByte) for AT24CXX_WriteOneByte
    touch.o(i.TP_Save_Adjdata) refers to touch.o(.data) for .data
    touch.o(i.TP_Scan) refers to touch.o(i.TP_Read_XY2) for TP_Read_XY2
    touch.o(i.TP_Scan) refers to touch.o(.data) for .data
    touch.o(i.TP_Write_Byte) refers to delay.o(i.delay_us) for delay_us
    touch.o(.data) refers to touch.o(i.TP_Init) for TP_Init
    touch.o(.data) refers to touch.o(i.TP_Scan) for TP_Scan
    touch.o(.data) refers to touch.o(i.TP_Adjust) for TP_Adjust
    touch.o(.data) refers to touch.o(.conststring) for .conststring
    key.o(i.KEY_Init) refers to stm32f4xx_hal_gpio.o(i.HAL_GPIO_Init) for HAL_GPIO_Init
    key.o(i.KEY_Scan) refers to stm32f4xx_hal_gpio.o(i.HAL_GPIO_ReadPin) for HAL_GPIO_ReadPin
    key.o(i.KEY_Scan) refers to delay.o(i.delay_ms) for delay_ms
    key.o(i.KEY_Scan) refers to key.o(.data) for .data
    24cxx.o(i.AT24CXX_Check) refers to 24cxx.o(i.AT24CXX_ReadOneByte) for AT24CXX_ReadOneByte
    24cxx.o(i.AT24CXX_Check) refers to 24cxx.o(i.AT24CXX_WriteOneByte) for AT24CXX_WriteOneByte
    24cxx.o(i.AT24CXX_Init) refers to myiic.o(i.IIC_Init) for IIC_Init
    24cxx.o(i.AT24CXX_Read) refers to 24cxx.o(i.AT24CXX_ReadOneByte) for AT24CXX_ReadOneByte
    24cxx.o(i.AT24CXX_ReadLenByte) refers to 24cxx.o(i.AT24CXX_ReadOneByte) for AT24CXX_ReadOneByte
    24cxx.o(i.AT24CXX_ReadOneByte) refers to myiic.o(i.IIC_Start) for IIC_Start
    24cxx.o(i.AT24CXX_ReadOneByte) refers to myiic.o(i.IIC_Send_Byte) for IIC_Send_Byte
    24cxx.o(i.AT24CXX_ReadOneByte) refers to myiic.o(i.IIC_Wait_Ack) for IIC_Wait_Ack
    24cxx.o(i.AT24CXX_ReadOneByte) refers to myiic.o(i.IIC_Read_Byte) for IIC_Read_Byte
    24cxx.o(i.AT24CXX_ReadOneByte) refers to myiic.o(i.IIC_Stop) for IIC_Stop
    24cxx.o(i.AT24CXX_Write) refers to 24cxx.o(i.AT24CXX_WriteOneByte) for AT24CXX_WriteOneByte
    24cxx.o(i.AT24CXX_WriteLenByte) refers to 24cxx.o(i.AT24CXX_WriteOneByte) for AT24CXX_WriteOneByte
    24cxx.o(i.AT24CXX_WriteOneByte) refers to myiic.o(i.IIC_Start) for IIC_Start
    24cxx.o(i.AT24CXX_WriteOneByte) refers to myiic.o(i.IIC_Send_Byte) for IIC_Send_Byte
    24cxx.o(i.AT24CXX_WriteOneByte) refers to myiic.o(i.IIC_Wait_Ack) for IIC_Wait_Ack
    24cxx.o(i.AT24CXX_WriteOneByte) refers to myiic.o(i.IIC_Stop) for IIC_Stop
    24cxx.o(i.AT24CXX_WriteOneByte) refers to delay.o(i.delay_ms) for delay_ms
    sdram.o(i.HAL_SDRAM_MspInit) refers to stm32f4xx_hal_gpio.o(i.HAL_GPIO_Init) for HAL_GPIO_Init
    sdram.o(i.SDRAM_Init) refers to stm32f4xx_hal_sdram.o(i.HAL_SDRAM_Init) for HAL_SDRAM_Init
    sdram.o(i.SDRAM_Init) refers to sdram.o(i.SDRAM_Initialization_Sequence) for SDRAM_Initialization_Sequence
    sdram.o(i.SDRAM_Init) refers to sdram.o(.bss) for .bss
    sdram.o(i.SDRAM_Initialization_Sequence) refers to sdram.o(i.SDRAM_Send_Cmd) for SDRAM_Send_Cmd
    sdram.o(i.SDRAM_Initialization_Sequence) refers to delay.o(i.delay_us) for delay_us
    sdram.o(i.SDRAM_Initialization_Sequence) refers to stm32f4xx_hal_sdram.o(i.HAL_SDRAM_ProgramRefreshRate) for HAL_SDRAM_ProgramRefreshRate
    sdram.o(i.SDRAM_Initialization_Sequence) refers to sdram.o(.bss) for .bss
    sdram.o(i.SDRAM_Send_Cmd) refers to stm32f4xx_hal_sdram.o(i.HAL_SDRAM_SendCommand) for HAL_SDRAM_SendCommand
    sdram.o(i.SDRAM_Send_Cmd) refers to sdram.o(.bss) for .bss
    ch450_i2c.o(i.I2CReceiveByte) refers to ch450_i2c.o(i.SDA_Input_Mode) for SDA_Input_Mode
    ch450_i2c.o(i.I2CReceiveByte) refers to ch450_i2c.o(i.SCL_Output) for SCL_Output
    ch450_i2c.o(i.I2CReceiveByte) refers to delay.o(i.delay_us) for delay_us
    ch450_i2c.o(i.I2CReceiveByte) refers to ch450_i2c.o(i.SDA_Input) for SDA_Input
    ch450_i2c.o(i.I2CReceiveByte) refers to ch450_i2c.o(i.SDA_Output_Mode) for SDA_Output_Mode
    ch450_i2c.o(i.I2CSendAck) refers to ch450_i2c.o(i.SDA_Output) for SDA_Output
    ch450_i2c.o(i.I2CSendAck) refers to delay.o(i.delay_us) for delay_us
    ch450_i2c.o(i.I2CSendAck) refers to ch450_i2c.o(i.SCL_Output) for SCL_Output
    ch450_i2c.o(i.I2CSendByte) refers to ch450_i2c.o(i.SCL_Output) for SCL_Output
    ch450_i2c.o(i.I2CSendByte) refers to delay.o(i.delay_us) for delay_us
    ch450_i2c.o(i.I2CSendByte) refers to ch450_i2c.o(i.SDA_Output) for SDA_Output
    ch450_i2c.o(i.I2CSendNotAck) refers to ch450_i2c.o(i.SDA_Output) for SDA_Output
    ch450_i2c.o(i.I2CSendNotAck) refers to delay.o(i.delay_us) for delay_us
    ch450_i2c.o(i.I2CSendNotAck) refers to ch450_i2c.o(i.SCL_Output) for SCL_Output
    ch450_i2c.o(i.I2CStart) refers to ch450_i2c.o(i.SDA_Output) for SDA_Output
    ch450_i2c.o(i.I2CStart) refers to delay.o(i.delay_us) for delay_us
    ch450_i2c.o(i.I2CStart) refers to ch450_i2c.o(i.SCL_Output) for SCL_Output
    ch450_i2c.o(i.I2CStop) refers to ch450_i2c.o(i.SCL_Output) for SCL_Output
    ch450_i2c.o(i.I2CStop) refers to delay.o(i.delay_us) for delay_us
    ch450_i2c.o(i.I2CStop) refers to ch450_i2c.o(i.SDA_Output) for SDA_Output
    ch450_i2c.o(i.I2CWaitAck) refers to ch450_i2c.o(i.SDA_Input_Mode) for SDA_Input_Mode
    ch450_i2c.o(i.I2CWaitAck) refers to delay.o(i.delay_us) for delay_us
    ch450_i2c.o(i.I2CWaitAck) refers to ch450_i2c.o(i.SCL_Output) for SCL_Output
    ch450_i2c.o(i.I2CWaitAck) refers to ch450_i2c.o(i.SDA_Input) for SDA_Input
    ch450_i2c.o(i.I2CWaitAck) refers to ch450_i2c.o(i.SDA_Output_Mode) for SDA_Output_Mode
    ch450_i2c.o(i.I2CWaitAck) refers to ch450_i2c.o(i.I2CStop) for I2CStop
    ch450_i2c.o(i.SCL_Output) refers to stm32f4xx_hal_gpio.o(i.HAL_GPIO_WritePin) for HAL_GPIO_WritePin
    ch450_i2c.o(i.SDA_Input) refers to stm32f4xx_hal_gpio.o(i.HAL_GPIO_ReadPin) for HAL_GPIO_ReadPin
    ch450_i2c.o(i.SDA_Input_Mode) refers to stm32f4xx_hal_gpio.o(i.HAL_GPIO_Init) for HAL_GPIO_Init
    ch450_i2c.o(i.SDA_Output) refers to stm32f4xx_hal_gpio.o(i.HAL_GPIO_WritePin) for HAL_GPIO_WritePin
    ch450_i2c.o(i.SDA_Output_Mode) refers to stm32f4xx_hal_gpio.o(i.HAL_GPIO_Init) for HAL_GPIO_Init
    ch450_i2c.o(i.ch450Key_Sleep) refers to ch450_i2c.o(i.I2CStart) for I2CStart
    ch450_i2c.o(i.ch450Key_Sleep) refers to ch450_i2c.o(i.I2CSendByte) for I2CSendByte
    ch450_i2c.o(i.ch450Key_Sleep) refers to ch450_i2c.o(i.I2CWaitAck) for I2CWaitAck
    ch450_i2c.o(i.ch450Key_Sleep) refers to ch450_i2c.o(i.I2CStop) for I2CStop
    ch450_i2c.o(i.ch450Key_init) refers to ch450_i2c.o(i.i2c_init) for i2c_init
    ch450_i2c.o(i.ch450Key_init) refers to ch450_i2c.o(i.I2CStart) for I2CStart
    ch450_i2c.o(i.ch450Key_init) refers to ch450_i2c.o(i.I2CSendByte) for I2CSendByte
    ch450_i2c.o(i.ch450Key_init) refers to ch450_i2c.o(i.I2CWaitAck) for I2CWaitAck
    ch450_i2c.o(i.ch450Key_init) refers to ch450_i2c.o(i.I2CStop) for I2CStop
    ch450_i2c.o(i.ch450_ReadKey) refers to ch450_i2c.o(i.I2CStart) for I2CStart
    ch450_i2c.o(i.ch450_ReadKey) refers to ch450_i2c.o(i.I2CSendByte) for I2CSendByte
    ch450_i2c.o(i.ch450_ReadKey) refers to ch450_i2c.o(i.I2CWaitAck) for I2CWaitAck
    ch450_i2c.o(i.ch450_ReadKey) refers to ch450_i2c.o(i.I2CReceiveByte) for I2CReceiveByte
    ch450_i2c.o(i.ch450_ReadKey) refers to ch450_i2c.o(i.I2CSendNotAck) for I2CSendNotAck
    ch450_i2c.o(i.ch450_ReadKey) refers to ch450_i2c.o(i.I2CStop) for I2CStop
    ch450_i2c.o(i.i2c_init) refers to stm32f4xx_hal_gpio.o(i.HAL_GPIO_Init) for HAL_GPIO_Init
    exti.o(i.EXTI2_IRQHandler) refers to stm32f4xx_hal_gpio.o(i.HAL_GPIO_EXTI_IRQHandler) for HAL_GPIO_EXTI_IRQHandler
    exti.o(i.EXTI2_IRQHandler) refers to ch450_i2c.o(i.ch450_ReadKey) for ch450_ReadKey
    exti.o(i.EXTI2_IRQHandler) refers to main.o(.data) for KeyNumber
    exti.o(i.EXTI_Init) refers to stm32f4xx_hal_gpio.o(i.HAL_GPIO_Init) for HAL_GPIO_Init
    exti.o(i.EXTI_Init) refers to stm32f4xx_hal_cortex.o(i.HAL_NVIC_SetPriority) for HAL_NVIC_SetPriority
    exti.o(i.EXTI_Init) refers to stm32f4xx_hal_cortex.o(i.HAL_NVIC_EnableIRQ) for HAL_NVIC_EnableIRQ
    exti.o(i.HAL_GPIO_EXTI_Callback) refers to delay.o(i.delay_ms) for delay_ms
    exti.o(i.HAL_GPIO_EXTI_Callback) refers to stm32f4xx_hal_gpio.o(i.HAL_GPIO_ReadPin) for HAL_GPIO_ReadPin
    __2sprintf.o(.text) refers to _printf_char_common.o(.text) for _printf_char_common
    __2sprintf.o(.text) refers to _sputc.o(.text) for _sputc
    noretval__2sprintf.o(.text) refers to _printf_char_common.o(.text) for _printf_char_common
    noretval__2sprintf.o(.text) refers to _sputc.o(.text) for _sputc
    __printf.o(.text) refers to _printf_percent.o(.ARM.Collect$$_printf_percent$$00000000) for _printf_percent
    _printf_hex_ll.o(.text) refers to _printf_intcommon.o(.text) for _printf_int_common
    _printf_hex_ll.o(.text) refers to _printf_hex_ll.o(.constdata) for .constdata
    _printf_hex_int.o(.text) refers to _printf_intcommon.o(.text) for _printf_int_common
    _printf_hex_int.o(.text) refers to _printf_hex_int.o(.constdata) for .constdata
    _printf_hex_int_ll.o(.text) refers to _printf_intcommon.o(.text) for _printf_int_common
    _printf_hex_int_ll.o(.text) refers to _printf_hex_int_ll.o(.constdata) for .constdata
    _printf_hex_ptr.o(.text) refers to _printf_intcommon.o(.text) for _printf_int_common
    _printf_hex_ptr.o(.text) refers to _printf_hex_ptr.o(.constdata) for .constdata
    _printf_hex_int_ptr.o(.text) refers to _printf_intcommon.o(.text) for _printf_int_common
    _printf_hex_int_ptr.o(.text) refers to _printf_hex_int_ptr.o(.constdata) for .constdata
    _printf_hex_ll_ptr.o(.text) refers to _printf_intcommon.o(.text) for _printf_int_common
    _printf_hex_ll_ptr.o(.text) refers to _printf_hex_ll_ptr.o(.constdata) for .constdata
    _printf_hex_int_ll_ptr.o(.text) refers to _printf_intcommon.o(.text) for _printf_int_common
    _printf_hex_int_ll_ptr.o(.text) refers to _printf_hex_int_ll_ptr.o(.constdata) for .constdata
    __printf_flags.o(.text) refers to _printf_percent.o(.ARM.Collect$$_printf_percent$$00000000) for _printf_percent
    __printf_flags.o(.text) refers to __printf_flags.o(.constdata) for .constdata
    __printf_ss.o(.text) refers to _printf_percent.o(.ARM.Collect$$_printf_percent$$00000000) for _printf_percent
    __printf_flags_ss.o(.text) refers to _printf_percent.o(.ARM.Collect$$_printf_percent$$00000000) for _printf_percent
    __printf_flags_ss.o(.text) refers to __printf_flags_ss.o(.constdata) for .constdata
    __printf_wp.o(.text) refers to __printf_wp.o(i._is_digit) for _is_digit
    __printf_wp.o(.text) refers to _printf_percent.o(.ARM.Collect$$_printf_percent$$00000000) for _printf_percent
    __printf_flags_wp.o(.text) refers to __printf_wp.o(i._is_digit) for _is_digit
    __printf_flags_wp.o(.text) refers to _printf_percent.o(.ARM.Collect$$_printf_percent$$00000000) for _printf_percent
    __printf_flags_wp.o(.text) refers to __printf_flags_wp.o(.constdata) for .constdata
    __printf_ss_wp.o(.text) refers to __printf_wp.o(i._is_digit) for _is_digit
    __printf_ss_wp.o(.text) refers to _printf_percent.o(.ARM.Collect$$_printf_percent$$00000000) for _printf_percent
    __printf_flags_ss_wp.o(.text) refers to __printf_wp.o(i._is_digit) for _is_digit
    __printf_flags_ss_wp.o(.text) refers to _printf_percent.o(.ARM.Collect$$_printf_percent$$00000000) for _printf_percent
    __printf_flags_ss_wp.o(.text) refers to __printf_flags_ss_wp.o(.constdata) for .constdata
    _printf_x.o(.ARM.Collect$$_printf_percent$$0000000C) refers (Weak) to _printf_hex_int.o(.text) for _printf_int_hex
    _printf_percent.o(.ARM.Collect$$_printf_percent$$00000000) refers (Special) to _printf_percent_end.o(.ARM.Collect$$_printf_percent$$00000017) for _printf_percent_end
    __main.o(!!!main) refers to __rtentry.o(.ARM.Collect$$rtentry$$00000000) for __rt_entry
    dfixu.o(x$fpl$dfixu) refers (Special) to usenofp.o(x$fpl$usenofp) for __I$use$fp
    dfixu.o(x$fpl$dfixu) refers to dnaninf.o(x$fpl$dnaninf) for __fpl_dnaninf
    dfixu.o(x$fpl$dfixur) refers (Special) to usenofp.o(x$fpl$usenofp) for __I$use$fp
    dfixu.o(x$fpl$dfixur) refers to dnaninf.o(x$fpl$dnaninf) for __fpl_dnaninf
    dflt_clz.o(x$fpl$dfltu) refers (Special) to usenofp.o(x$fpl$usenofp) for __I$use$fp
    dflt_clz.o(x$fpl$dflt) refers (Special) to usenofp.o(x$fpl$usenofp) for __I$use$fp
    dflt_clz.o(x$fpl$dfltn) refers (Special) to usenofp.o(x$fpl$usenofp) for __I$use$fp
    dleqf.o(x$fpl$dleqf) refers (Special) to usenofp.o(x$fpl$usenofp) for __I$use$fp
    dleqf.o(x$fpl$dleqf) refers to dnaninf.o(x$fpl$dnaninf) for __fpl_dnaninf
    dleqf.o(x$fpl$dleqf) refers to dcmpi.o(x$fpl$dcmpinf) for __fpl_dcmp_Inf
    dmul.o(x$fpl$dmul) refers (Special) to usenofp.o(x$fpl$usenofp) for __I$use$fp
    dmul.o(x$fpl$dmul) refers to dretinf.o(x$fpl$dretinf) for __fpl_dretinf
    dmul.o(x$fpl$dmul) refers to dnaninf.o(x$fpl$dnaninf) for __fpl_dnaninf
    drleqf.o(x$fpl$drleqf) refers (Special) to usenofp.o(x$fpl$usenofp) for __I$use$fp
    drleqf.o(x$fpl$drleqf) refers to dleqf.o(x$fpl$dleqf) for __fpl_dcmple_InfNaN
    f2d.o(x$fpl$f2d) refers (Special) to usenofp.o(x$fpl$usenofp) for __I$use$fp
    f2d.o(x$fpl$f2d) refers to fnaninf.o(x$fpl$fnaninf) for __fpl_fnaninf
    f2d.o(x$fpl$f2d) refers to dretinf.o(x$fpl$dretinf) for __fpl_dretinf
    sqrt.o(i.__hardfp_sqrt) refers (Special) to usenofp.o(x$fpl$usenofp) for __I$use$fp
    sqrt.o(i.__hardfp_sqrt) refers to dsqrt_umaal.o(x$fpl$dsqrt) for _dsqrt
    sqrt.o(i.__hardfp_sqrt) refers to _rserrno.o(.text) for __set_errno
    sqrt.o(i.__softfp_sqrt) refers (Special) to usenofp.o(x$fpl$usenofp) for __I$use$fp
    sqrt.o(i.__softfp_sqrt) refers to dsqrt_umaal.o(x$fpl$dsqrt) for _dsqrt
    sqrt.o(i.__softfp_sqrt) refers to _rserrno.o(.text) for __set_errno
    sqrt.o(i.sqrt) refers (Special) to usenofp.o(x$fpl$usenofp) for __I$use$fp
    sqrt.o(i.sqrt) refers to dsqrt_umaal.o(x$fpl$dsqrt) for _dsqrt
    sqrt.o(i.sqrt) refers to _rserrno.o(.text) for __set_errno
    sqrt_x.o(i.____hardfp_sqrt$lsc) refers (Special) to usenofp.o(x$fpl$usenofp) for __I$use$fp
    sqrt_x.o(i.____hardfp_sqrt$lsc) refers to dleqf.o(x$fpl$dleqf) for __aeabi_cdcmple
    sqrt_x.o(i.____hardfp_sqrt$lsc) refers to _rserrno.o(.text) for __set_errno
    sqrt_x.o(i.____hardfp_sqrt$lsc) refers to dsqrt_umaal.o(x$fpl$dsqrt) for _dsqrt
    sqrt_x.o(i.____softfp_sqrt$lsc) refers (Special) to usenofp.o(x$fpl$usenofp) for __I$use$fp
    sqrt_x.o(i.____softfp_sqrt$lsc) refers to dleqf.o(x$fpl$dleqf) for __aeabi_cdcmple
    sqrt_x.o(i.____softfp_sqrt$lsc) refers to _rserrno.o(.text) for __set_errno
    sqrt_x.o(i.____softfp_sqrt$lsc) refers to dsqrt_umaal.o(x$fpl$dsqrt) for _dsqrt
    sqrt_x.o(i.__sqrt$lsc) refers (Special) to usenofp.o(x$fpl$usenofp) for __I$use$fp
    sqrt_x.o(i.__sqrt$lsc) refers to dleqf.o(x$fpl$dleqf) for __aeabi_cdcmple
    sqrt_x.o(i.__sqrt$lsc) refers to _rserrno.o(.text) for __set_errno
    sqrt_x.o(i.__sqrt$lsc) refers to dsqrt_umaal.o(x$fpl$dsqrt) for _dsqrt
    __rtentry.o(.ARM.Collect$$rtentry$$00000000) refers (Special) to __rtentry2.o(.ARM.Collect$$rtentry$$0000000A) for __rt_entry_li
    __rtentry.o(.ARM.Collect$$rtentry$$00000000) refers (Special) to __rtentry2.o(.ARM.Collect$$rtentry$$0000000D) for __rt_entry_main
    __rtentry.o(.ARM.Collect$$rtentry$$00000000) refers (Special) to __rtentry2.o(.ARM.Collect$$rtentry$$0000000C) for __rt_entry_postli_1
    __rtentry.o(.ARM.Collect$$rtentry$$00000000) refers (Special) to __rtentry2.o(.ARM.Collect$$rtentry$$00000009) for __rt_entry_postsh_1
    __rtentry.o(.ARM.Collect$$rtentry$$00000000) refers (Special) to __rtentry2.o(.ARM.Collect$$rtentry$$00000002) for __rt_entry_presh_1
    __rtentry.o(.ARM.Collect$$rtentry$$00000000) refers (Special) to __rtentry4.o(.ARM.Collect$$rtentry$$00000004) for __rt_entry_sh
    _rserrno.o(.text) refers to rt_errno_addr_intlibspace.o(.text) for __aeabi_errno_addr
    _printf_intcommon.o(.text) refers (Weak) to _printf_pad.o(.text) for _printf_pre_padding
    _printf_intcommon.o(.text) refers (Weak) to _printf_pad.o(.text) for _printf_pre_padding
    _printf_intcommon.o(.text) refers (Weak) to _printf_pad.o(.text) for _printf_post_padding
    _printf_char_common.o(.text) refers to __printf_flags_wp.o(.text) for __printf
    dcmpi.o(x$fpl$dcmpinf) refers (Special) to usenofp.o(x$fpl$usenofp) for __I$use$fp
    dnaninf.o(x$fpl$dnaninf) refers (Special) to usenofp.o(x$fpl$usenofp) for __I$use$fp
    dretinf.o(x$fpl$dretinf) refers (Special) to usenofp.o(x$fpl$usenofp) for __I$use$fp
    dsqrt_umaal.o(x$fpl$dsqrt) refers (Special) to usenofp.o(x$fpl$usenofp) for __I$use$fp
    dsqrt_umaal.o(x$fpl$dsqrt) refers to dnaninf.o(x$fpl$dnaninf) for __fpl_dnaninf
    fnaninf.o(x$fpl$fnaninf) refers (Special) to usenofp.o(x$fpl$usenofp) for __I$use$fp
    __rtentry2.o(.ARM.Collect$$rtentry$$00000008) refers to boardinit2.o(.text) for _platform_post_stackheap_init
    __rtentry2.o(.ARM.Collect$$rtentry$$0000000A) refers to libinit.o(.ARM.Collect$$libinit$$00000000) for __rt_lib_init
    __rtentry2.o(.ARM.Collect$$rtentry$$0000000B) refers to boardinit3.o(.text) for _platform_post_lib_init
    __rtentry2.o(.ARM.Collect$$rtentry$$0000000D) refers to main.o(i.main) for main
    __rtentry2.o(.ARM.Collect$$rtentry$$0000000D) refers to exit.o(.text) for exit
    __rtentry2.o(.ARM.exidx) refers to __rtentry2.o(.ARM.Collect$$rtentry$$00000001) for .ARM.Collect$$rtentry$$00000001
    __rtentry2.o(.ARM.exidx) refers to __rtentry2.o(.ARM.Collect$$rtentry$$00000008) for .ARM.Collect$$rtentry$$00000008
    __rtentry2.o(.ARM.exidx) refers to __rtentry2.o(.ARM.Collect$$rtentry$$0000000A) for .ARM.Collect$$rtentry$$0000000A
    __rtentry2.o(.ARM.exidx) refers to __rtentry2.o(.ARM.Collect$$rtentry$$0000000B) for .ARM.Collect$$rtentry$$0000000B
    __rtentry2.o(.ARM.exidx) refers to __rtentry2.o(.ARM.Collect$$rtentry$$0000000D) for .ARM.Collect$$rtentry$$0000000D
    __rtentry4.o(.ARM.Collect$$rtentry$$00000004) refers to sys_stackheap_outer.o(.text) for __user_setup_stackheap
    __rtentry4.o(.ARM.exidx) refers to __rtentry4.o(.ARM.Collect$$rtentry$$00000004) for .ARM.Collect$$rtentry$$00000004
    rt_errno_addr.o(.text) refers to rt_errno_addr.o(.bss) for __aeabi_errno_addr_data
    rt_errno_addr_intlibspace.o(.text) refers to libspace.o(.bss) for __libspace_start
    libspace.o(.text) refers to libspace.o(.bss) for __libspace_start
    sys_stackheap_outer.o(.text) refers to libspace.o(.text) for __user_perproc_libspace
    sys_stackheap_outer.o(.text) refers to startup_stm32f429xx.o(.text) for __user_initial_stackheap
    exit.o(.text) refers to rtexit.o(.ARM.Collect$$rtexit$$00000000) for __rt_exit
    libinit.o(.ARM.Collect$$libinit$$00000000) refers (Special) to libinit2.o(.ARM.Collect$$libinit$$0000002E) for __rt_lib_init_alloca_1
    libinit.o(.ARM.Collect$$libinit$$00000000) refers (Special) to libinit2.o(.ARM.Collect$$libinit$$0000002C) for __rt_lib_init_argv_1
    libinit.o(.ARM.Collect$$libinit$$00000000) refers (Special) to libinit2.o(.ARM.Collect$$libinit$$0000001B) for __rt_lib_init_atexit_1
    libinit.o(.ARM.Collect$$libinit$$00000000) refers (Special) to libinit2.o(.ARM.Collect$$libinit$$00000021) for __rt_lib_init_clock_1
    libinit.o(.ARM.Collect$$libinit$$00000000) refers (Special) to libinit2.o(.ARM.Collect$$libinit$$00000032) for __rt_lib_init_cpp_1
    libinit.o(.ARM.Collect$$libinit$$00000000) refers (Special) to libinit2.o(.ARM.Collect$$libinit$$00000030) for __rt_lib_init_exceptions_1
    libinit.o(.ARM.Collect$$libinit$$00000000) refers (Special) to libinit2.o(.ARM.Collect$$libinit$$00000001) for __rt_lib_init_fp_1
    libinit.o(.ARM.Collect$$libinit$$00000000) refers (Special) to libinit2.o(.ARM.Collect$$libinit$$0000001F) for __rt_lib_init_fp_trap_1
    libinit.o(.ARM.Collect$$libinit$$00000000) refers (Special) to libinit2.o(.ARM.Collect$$libinit$$00000023) for __rt_lib_init_getenv_1
    libinit.o(.ARM.Collect$$libinit$$00000000) refers (Special) to libinit2.o(.ARM.Collect$$libinit$$0000000A) for __rt_lib_init_heap_1
    libinit.o(.ARM.Collect$$libinit$$00000000) refers (Special) to libinit2.o(.ARM.Collect$$libinit$$00000011) for __rt_lib_init_lc_collate_1
    libinit.o(.ARM.Collect$$libinit$$00000000) refers (Special) to libinit2.o(.ARM.Collect$$libinit$$00000013) for __rt_lib_init_lc_ctype_1
    libinit.o(.ARM.Collect$$libinit$$00000000) refers (Special) to libinit2.o(.ARM.Collect$$libinit$$00000015) for __rt_lib_init_lc_monetary_1
    libinit.o(.ARM.Collect$$libinit$$00000000) refers (Special) to libinit2.o(.ARM.Collect$$libinit$$00000017) for __rt_lib_init_lc_numeric_1
    libinit.o(.ARM.Collect$$libinit$$00000000) refers (Special) to libinit2.o(.ARM.Collect$$libinit$$00000019) for __rt_lib_init_lc_time_1
    libinit.o(.ARM.Collect$$libinit$$00000000) refers (Special) to libinit2.o(.ARM.Collect$$libinit$$00000004) for __rt_lib_init_preinit_1
    libinit.o(.ARM.Collect$$libinit$$00000000) refers (Special) to libinit2.o(.ARM.Collect$$libinit$$0000000E) for __rt_lib_init_rand_1
    libinit.o(.ARM.Collect$$libinit$$00000000) refers (Special) to libinit2.o(.ARM.Collect$$libinit$$00000033) for __rt_lib_init_return
    libinit.o(.ARM.Collect$$libinit$$00000000) refers (Special) to libinit2.o(.ARM.Collect$$libinit$$0000001D) for __rt_lib_init_signal_1
    libinit.o(.ARM.Collect$$libinit$$00000000) refers (Special) to libinit2.o(.ARM.Collect$$libinit$$00000025) for __rt_lib_init_stdio_1
    libinit.o(.ARM.Collect$$libinit$$00000000) refers (Special) to libinit2.o(.ARM.Collect$$libinit$$0000000C) for __rt_lib_init_user_alloc_1
    rtexit.o(.ARM.Collect$$rtexit$$00000000) refers (Special) to rtexit2.o(.ARM.Collect$$rtexit$$00000004) for __rt_exit_exit
    rtexit.o(.ARM.Collect$$rtexit$$00000000) refers (Special) to rtexit2.o(.ARM.Collect$$rtexit$$00000003) for __rt_exit_ls
    rtexit.o(.ARM.Collect$$rtexit$$00000000) refers (Special) to rtexit2.o(.ARM.Collect$$rtexit$$00000002) for __rt_exit_prels_1
    rtexit.o(.ARM.exidx) refers (Special) to rtexit2.o(.ARM.Collect$$rtexit$$00000004) for __rt_exit_exit
    rtexit.o(.ARM.exidx) refers (Special) to rtexit2.o(.ARM.Collect$$rtexit$$00000003) for __rt_exit_ls
    rtexit.o(.ARM.exidx) refers (Special) to rtexit2.o(.ARM.Collect$$rtexit$$00000002) for __rt_exit_prels_1
    rtexit.o(.ARM.exidx) refers to rtexit.o(.ARM.Collect$$rtexit$$00000000) for .ARM.Collect$$rtexit$$00000000
    libinit2.o(.ARM.Collect$$libinit$$00000001) refers to fpinit.o(x$fpl$fpinit) for _fp_init
    libinit2.o(.ARM.Collect$$libinit$$00000010) refers to libinit2.o(.ARM.Collect$$libinit$$0000000F) for .ARM.Collect$$libinit$$0000000F
    libinit2.o(.ARM.Collect$$libinit$$00000012) refers to libinit2.o(.ARM.Collect$$libinit$$0000000F) for .ARM.Collect$$libinit$$0000000F
    libinit2.o(.ARM.Collect$$libinit$$00000014) refers to libinit2.o(.ARM.Collect$$libinit$$0000000F) for .ARM.Collect$$libinit$$0000000F
    libinit2.o(.ARM.Collect$$libinit$$00000016) refers to libinit2.o(.ARM.Collect$$libinit$$0000000F) for .ARM.Collect$$libinit$$0000000F
    libinit2.o(.ARM.Collect$$libinit$$00000018) refers to libinit2.o(.ARM.Collect$$libinit$$0000000F) for .ARM.Collect$$libinit$$0000000F
    libinit2.o(.ARM.Collect$$libinit$$00000026) refers to argv_veneer.o(.emb_text) for __ARM_argv_veneer
    libinit2.o(.ARM.Collect$$libinit$$00000027) refers to argv_veneer.o(.emb_text) for __ARM_argv_veneer
    rtexit2.o(.ARM.Collect$$rtexit$$00000003) refers to libshutdown.o(.ARM.Collect$$libshutdown$$00000000) for __rt_lib_shutdown
    rtexit2.o(.ARM.Collect$$rtexit$$00000004) refers to sys_exit.o(.text) for _sys_exit
    rtexit2.o(.ARM.exidx) refers to rtexit2.o(.ARM.Collect$$rtexit$$00000001) for .ARM.Collect$$rtexit$$00000001
    rtexit2.o(.ARM.exidx) refers to rtexit2.o(.ARM.Collect$$rtexit$$00000003) for .ARM.Collect$$rtexit$$00000003
    rtexit2.o(.ARM.exidx) refers to rtexit2.o(.ARM.Collect$$rtexit$$00000004) for .ARM.Collect$$rtexit$$00000004
    argv_veneer.o(.emb_text) refers to no_argv.o(.text) for __ARM_get_argv
    sys_exit.o(.text) refers (Special) to use_no_semi.o(.text) for __I$use$semihosting
    sys_exit.o(.text) refers (Special) to indicate_semi.o(.text) for __semihosting_library_function
    _get_argv_nomalloc.o(.text) refers (Special) to hrguard.o(.text) for __heap_region$guard
    _get_argv_nomalloc.o(.text) refers to defsig_rtmem_outer.o(.text) for __rt_SIGRTMEM
    _get_argv_nomalloc.o(.text) refers to sys_command.o(.text) for _sys_command_string
    libshutdown.o(.ARM.Collect$$libshutdown$$00000000) refers (Special) to libshutdown2.o(.ARM.Collect$$libshutdown$$00000002) for __rt_lib_shutdown_cpp_1
    libshutdown.o(.ARM.Collect$$libshutdown$$00000000) refers (Special) to libshutdown2.o(.ARM.Collect$$libshutdown$$00000007) for __rt_lib_shutdown_fp_trap_1
    libshutdown.o(.ARM.Collect$$libshutdown$$00000000) refers (Special) to libshutdown2.o(.ARM.Collect$$libshutdown$$0000000F) for __rt_lib_shutdown_heap_1
    libshutdown.o(.ARM.Collect$$libshutdown$$00000000) refers (Special) to libshutdown2.o(.ARM.Collect$$libshutdown$$00000010) for __rt_lib_shutdown_return
    libshutdown.o(.ARM.Collect$$libshutdown$$00000000) refers (Special) to libshutdown2.o(.ARM.Collect$$libshutdown$$0000000A) for __rt_lib_shutdown_signal_1
    libshutdown.o(.ARM.Collect$$libshutdown$$00000000) refers (Special) to libshutdown2.o(.ARM.Collect$$libshutdown$$00000004) for __rt_lib_shutdown_stdio_1
    libshutdown.o(.ARM.Collect$$libshutdown$$00000000) refers (Special) to libshutdown2.o(.ARM.Collect$$libshutdown$$0000000C) for __rt_lib_shutdown_user_alloc_1
    sys_command.o(.text) refers (Special) to use_no_semi.o(.text) for __I$use$semihosting
    sys_command.o(.text) refers (Special) to indicate_semi.o(.text) for __semihosting_library_function
    defsig_rtmem_outer.o(.text) refers to defsig_rtmem_inner.o(.text) for __rt_SIGRTMEM_inner
    defsig_rtmem_outer.o(.text) refers to defsig_exit.o(.text) for __sig_exit
    defsig_rtmem_formal.o(.text) refers to rt_raise.o(.text) for __rt_raise
    rt_raise.o(.text) refers to __raise.o(.text) for __raise
    rt_raise.o(.text) refers to sys_exit.o(.text) for _sys_exit
    defsig_exit.o(.text) refers to sys_exit.o(.text) for _sys_exit
    defsig_rtmem_inner.o(.text) refers to defsig_general.o(.text) for __default_signal_display
    __raise.o(.text) refers to defsig.o(CL$$defsig) for __default_signal_handler
    defsig_general.o(.text) refers to sys_wrch.o(.text) for _ttywrch
    sys_wrch.o(.text) refers (Special) to use_no_semi.o(.text) for __I$use$semihosting
    sys_wrch.o(.text) refers (Special) to indicate_semi.o(.text) for __semihosting_library_function
    defsig.o(CL$$defsig) refers to defsig_rtmem_inner.o(.text) for __rt_SIGRTMEM_inner
    defsig_abrt_inner.o(.text) refers to defsig_general.o(.text) for __default_signal_display
    defsig_fpe_inner.o(.text) refers to defsig_general.o(.text) for __default_signal_display
    defsig_rtred_inner.o(.text) refers to defsig_general.o(.text) for __default_signal_display
    defsig_stak_inner.o(.text) refers to defsig_general.o(.text) for __default_signal_display
    defsig_pvfn_inner.o(.text) refers to defsig_general.o(.text) for __default_signal_display
    defsig_cppl_inner.o(.text) refers to defsig_general.o(.text) for __default_signal_display
    defsig_segv_inner.o(.text) refers to defsig_general.o(.text) for __default_signal_display
    defsig_other.o(.text) refers to defsig_general.o(.text) for __default_signal_display

